
> academia@0.0.0 test
> ng test --watch=false --browsers=ChromeHeadless

node.exe : - Generating browser application bundles 
(phase: setup)...
En línea: 1 Carácter: 1
+ & "C:\Program Files\nodejs/node.exe" "C:\Program 
Files\nodejs/node_mo ...
+ ~~~~~~~~~~~~~~~~~~~~~~~~~~~~~~~~~~~~~~~~~~~~~~~~~~~~~~~~~
~~~~~~~~~~~~
    + CategoryInfo          : NotSpecified: (- Generating  
   br...hase: setup)...:String) [], RemoteException
    + FullyQualifiedErrorId : NativeCommandError
 
Ô£ö Browser application bundle generation complete.
[32m14 12 2025 16:22:00.446:INFO [karma-server]: [39mKarma v6.4.4 server started at http://localhost:9878/
[32m14 12 2025 16:22:00.448:INFO [launcher]: [39mLaunching browsers ChromeHeadless with concurrency unlimited
[32m14 12 2025 16:22:00.459:INFO [launcher]: [39mStarting browser ChromeHeadless
[32m14 12 2025 16:22:01.468:INFO [Chrome Headless 143.0.0.0 (Windows 10)]: [39mConnected on socket 8rbvAsbGcnE13pZgAAAB with id 45539591
Chrome Headless 143.0.0.0 (Windows 10): Executed 0 of 137[32m SUCCESS[39m (0 secs / 0 secs)
[1A[2KChrome Headless 143.0.0.0 (Windows 10): Executed 1 of 137[32m SUCCESS[39m (0 secs / 0.003 secs)
[1A[2KChrome Headless 143.0.0.0 (Windows 10): Executed 2 of 137[32m SUCCESS[39m (0 secs / 0.004 secs)
[1A[2KChrome Headless 143.0.0.0 (Windows 10): Executed 3 of 137[32m SUCCESS[39m (0 secs / 0.004 secs)
[1A[2KChrome Headless 143.0.0.0 (Windows 10): Executed 4 of 137[32m SUCCESS[39m (0 secs / 0.087 secs)
[1A[2KChrome Headless 143.0.0.0 (Windows 10): Executed 5 of 137[32m SUCCESS[39m (0 secs / 0.099 secs)
[1A[2KLOG: [36m'Dropdown component is deprecated as of v18, use Select component instead.'[39m
Chrome Headless 143.0.0.0 (Windows 10): Executed 5 of 137[32m SUCCESS[39m (0 secs / 0.099 secs)
LOG: 'Dropdown component is deprecated as of v18, use Select component instead.'
[1A[2KChrome Headless 143.0.0.0 (Windows 10): Executed 6 of 137[32m SUCCESS[39m (0 secs / 0.123 secs)
[1A[2KChrome Headless 143.0.0.0 (Windows 10): Executed 7 of 137[32m SUCCESS[39m (0 secs / 0.136 secs)
[1A[2KERROR: [36m'The selector below has thrown an error upon invocation. Please check for any unsafe property access that may result in null or undefined values.', getMaterias(state) { ... }[39m
Chrome Headless 143.0.0.0 (Windows 10): Executed 7 of 137[32m SUCCESS[39m (0 secs / 0.136 secs)
ERROR: 'The selector below has thrown an error upon invocation. Please check for any unsafe property access that may result in null or undefined values.', getMaterias(state) { ... }
[1A[2KERROR: [36m'The selector below has thrown an error upon invocation. Please check for any unsafe property access that may result in null or undefined values.', getLoading(state) { ... }[39m
Chrome Headless 143.0.0.0 (Windows 10): Executed 7 of 137[32m SUCCESS[39m (0 secs / 0.136 secs)
ERROR: 'The selector below has thrown an error upon invocation. Please check for any unsafe property access that may result in null or undefined values.', getLoading(state) { ... }
[1A[2KChrome Headless 143.0.0.0 (Windows 10): Executed 8 of 137[32m SUCCESS[39m (0 secs / 0.168 secs)
[1A[2KChrome Headless 143.0.0.0 (Windows 10): Executed 9 of 137[32m SUCCESS[39m (0 secs / 0.174 secs)
[1A[2KERROR: [36m'The selector below has thrown an error upon invocation. Please check for any unsafe property access that may result in null or undefined values.', getFormLoading(state) { ... }[39m
Chrome Headless 143.0.0.0 (Windows 10): Executed 9 of 137[32m SUCCESS[39m (0 secs / 0.174 secs)
ERROR: 'The selector below has thrown an error upon invocation. Please check for any unsafe property access that may result in null or undefined values.', getFormLoading(state) { ... }
[1A[2KChrome Headless 143.0.0.0 (Windows 10): Executed 10 of 137[32m SUCCESS[39m (0 secs / 0.185 secs)
[1A[2KChrome Headless 143.0.0.0 (Windows 10): Executed 11 of 137[32m SUCCESS[39m (0 secs / 0.205 secs)
[1A[2KERROR: [36m'The selector below has thrown an error upon invocation. Please check for any unsafe property access that may result in null or undefined values.', getPlanSelected(state) { ... }[39m
Chrome Headless 143.0.0.0 (Windows 10): Executed 11 of 137[32m SUCCESS[39m (0 secs / 0.205 secs)
ERROR: 'The selector below has thrown an error upon invocation. Please check for any unsafe property access that may result in null or undefined values.', getPlanSelected(state) { ... }
[1A[2KChrome Headless 143.0.0.0 (Windows 10): Executed 12 of 137[32m SUCCESS[39m (0 secs / 0.215 secs)
[1A[2KChrome Headless 143.0.0.0 (Windows 10): Executed 13 of 137[32m SUCCESS[39m (0 secs / 0.226 secs)
[1A[2KChrome Headless 143.0.0.0 (Windows 10): Executed 14 of 137[32m SUCCESS[39m (0 secs / 0.227 secs)
[1A[2KERROR: [36m'The selector below has thrown an error upon invocation. Please check for any unsafe property access that may result in null or undefined values.', getLoading(state) { ... }[39m
Chrome Headless 143.0.0.0 (Windows 10): Executed 14 of 137[32m SUCCESS[39m (0 secs / 0.227 secs)
ERROR: 'The selector below has thrown an error upon invocation. Please check for any unsafe property access that may result in null or undefined values.', getLoading(state) { ... }
[1A[2KERROR: [36m'The selector below has thrown an error upon invocation. Please check for any unsafe property access that may result in null or undefined values.', getGeneralLoading(state) { ... }[39m
Chrome Headless 143.0.0.0 (Windows 10): Executed 14 of 137[32m SUCCESS[39m (0 secs / 0.227 secs)
ERROR: 'The selector below has thrown an error upon invocation. Please check for any unsafe property access that may result in null or undefined values.', getGeneralLoading(state) { ... }
[1A[2KERROR: [36m'The selector below has thrown an error upon invocation. Please check for any unsafe property access that may result in null or undefined values.', getFormLoading(state) { ... }[39m
Chrome Headless 143.0.0.0 (Windows 10): Executed 14 of 137[32m SUCCESS[39m (0 secs / 0.227 secs)
ERROR: 'The selector below has thrown an error upon invocation. Please check for any unsafe property access that may result in null or undefined values.', getFormLoading(state) { ... }
[1A[2KChrome Headless 143.0.0.0 (Windows 10): Executed 15 of 137[32m SUCCESS[39m (0 secs / 0.237 secs)
[1A[2KERROR: [36m'The selector below has thrown an error upon invocation. Please check for any unsafe property access that may result in null or undefined values.', getFormLoading(state) { ... }[39m
Chrome Headless 143.0.0.0 (Windows 10): Executed 15 of 137[32m SUCCESS[39m (0 secs / 0.237 secs)
ERROR: 'The selector below has thrown an error upon invocation. Please check for any unsafe property access that may result in null or undefined values.', getFormLoading(state) { ... }
[1A[2KChrome Headless 143.0.0.0 (Windows 10): Executed 16 of 137[32m SUCCESS[39m (0 secs / 0.261 secs)
[1A[2KERROR: [36m'The selector below has thrown an error upon invocation. Please check for any unsafe property access that may result in null or undefined values.', showModalConfirmation(state) { ... }[39m
Chrome Headless 143.0.0.0 (Windows 10): Executed 16 of 137[32m SUCCESS[39m (0 secs / 0.261 secs)
ERROR: 'The selector below has thrown an error upon invocation. Please check for any unsafe property access that may result in null or undefined values.', showModalConfirmation(state) { ... }
[1A[2KERROR: [36m'The selector below has thrown an error upon invocation. Please check for any unsafe property access that may result in null or undefined values.', getPlanSelected(state) { ... }[39m
Chrome Headless 143.0.0.0 (Windows 10): Executed 16 of 137[32m SUCCESS[39m (0 secs / 0.261 secs)
ERROR: 'The selector below has thrown an error upon invocation. Please check for any unsafe property access that may result in null or undefined values.', getPlanSelected(state) { ... }
[1A[2KERROR: [36m'The selector below has thrown an error upon invocation. Please check for any unsafe property access that may result in null or undefined values.', getError(state) { ... }[39m
Chrome Headless 143.0.0.0 (Windows 10): Executed 16 of 137[32m SUCCESS[39m (0 secs / 0.261 secs)
ERROR: 'The selector below has thrown an error upon invocation. Please check for any unsafe property access that may result in null or undefined values.', getError(state) { ... }
[1A[2KERROR: [36m'The selector below has thrown an error upon invocation. Please check for any unsafe property access that may result in null or undefined values.', getFormLoading(state) { ... }[39m
Chrome Headless 143.0.0.0 (Windows 10): Executed 16 of 137[32m SUCCESS[39m (0 secs / 0.261 secs)
ERROR: 'The selector below has thrown an error upon invocation. Please check for any unsafe property access that may result in null or undefined values.', getFormLoading(state) { ... }
[1A[2KERROR: [36m'The selector below has thrown an error upon invocation. Please check for any unsafe property access that may result in null or undefined values.', getPlanSelected(state) { ... }[39m
Chrome Headless 143.0.0.0 (Windows 10): Executed 16 of 137[32m SUCCESS[39m (0 secs / 0.261 secs)
ERROR: 'The selector below has thrown an error upon invocation. Please check for any unsafe property access that may result in null or undefined values.', getPlanSelected(state) { ... }
[1A[2KChrome Headless 143.0.0.0 (Windows 10): Executed 17 of 137[32m SUCCESS[39m (0 secs / 0.29 secs)
[1A[2KChrome Headless 143.0.0.0 (Windows 10): Executed 18 of 137[32m SUCCESS[39m (0 secs / 0.294 secs)
[1A[2KChrome Headless 143.0.0.0 (Windows 10): Executed 19 of 137[32m SUCCESS[39m (0 secs / 0.294 secs)
[1A[2KLOG: [36m'Dropdown component is deprecated as of v18, use Select component instead.'[39m
Chrome Headless 143.0.0.0 (Windows 10): Executed 19 of 137[32m SUCCESS[39m (0 secs / 0.294 secs)
LOG: 'Dropdown component is deprecated as of v18, use Select component instead.'
[1A[2KChrome Headless 143.0.0.0 (Windows 10): Executed 20 of 137[32m SUCCESS[39m (0 secs / 0.321 secs)
[1A[2KChrome Headless 143.0.0.0 (Windows 10): Executed 21 of 137[32m SUCCESS[39m (0 secs / 0.322 secs)
[1A[2KChrome Headless 143.0.0.0 (Windows 10): Executed 22 of 137[32m SUCCESS[39m (0 secs / 0.333 secs)
[1A[2KERROR: [36m'The selector below has thrown an error upon invocation. Please check for any unsafe property access that may result in null or undefined values.', getEspecialidades(state) { ... }[39m
Chrome Headless 143.0.0.0 (Windows 10): Executed 22 of 137[32m SUCCESS[39m (0 secs / 0.333 secs)
ERROR: 'The selector below has thrown an error upon invocation. Please check for any unsafe property access that may result in null or undefined values.', getEspecialidades(state) { ... }
[1A[2KLOG: [36m'Dropdown component is deprecated as of v18, use Select component instead.'[39m
Chrome Headless 143.0.0.0 (Windows 10): Executed 22 of 137[32m SUCCESS[39m (0 secs / 0.333 secs)
LOG: 'Dropdown component is deprecated as of v18, use Select component instead.'
[1A[2KChrome Headless 143.0.0.0 (Windows 10): Executed 23 of 137[32m SUCCESS[39m (0 secs / 0.345 secs)
[1A[2KChrome Headless 143.0.0.0 (Windows 10): Executed 24 of 137[32m SUCCESS[39m (0 secs / 0.345 secs)
[1A[2KERROR: [36m'The selector below has thrown an error upon invocation. Please check for any unsafe property access that may result in null or undefined values.', getShowModalDelete(state) { ... }[39m
Chrome Headless 143.0.0.0 (Windows 10): Executed 24 of 137[32m SUCCESS[39m (0 secs / 0.345 secs)
ERROR: 'The selector below has thrown an error upon invocation. Please check for any unsafe property access that may result in null or undefined values.', getShowModalDelete(state) { ... }
[1A[2KChrome Headless 143.0.0.0 (Windows 10): Executed 25 of 137[32m SUCCESS[39m (0 secs / 0.351 secs)
[1A[2KChrome Headless 143.0.0.0 (Windows 10): Executed 26 of 137[32m SUCCESS[39m (0 secs / 0.381 secs)
[1A[2KChrome Headless 143.0.0.0 (Windows 10): Executed 27 of 137[32m SUCCESS[39m (0 secs / 0.381 secs)
[1A[2KERROR: [36m'The selector below has thrown an error upon invocation. Please check for any unsafe property access that may result in null or undefined values.', getPlanes(state) { ... }[39m
Chrome Headless 143.0.0.0 (Windows 10): Executed 27 of 137[32m SUCCESS[39m (0 secs / 0.381 secs)
ERROR: 'The selector below has thrown an error upon invocation. Please check for any unsafe property access that may result in null or undefined values.', getPlanes(state) { ... }
[1A[2KERROR: [36m'The selector below has thrown an error upon invocation. Please check for any unsafe property access that may result in null or undefined values.', getEspecialidades(state) { ... }[39m
Chrome Headless 143.0.0.0 (Windows 10): Executed 27 of 137[32m SUCCESS[39m (0 secs / 0.381 secs)
ERROR: 'The selector below has thrown an error upon invocation. Please check for any unsafe property access that may result in null or undefined values.', getEspecialidades(state) { ... }
[1A[2KChrome Headless 143.0.0.0 (Windows 10): Executed 28 of 137[32m SUCCESS[39m (0 secs / 0.413 secs)
[1A[2KChrome Headless 143.0.0.0 (Windows 10): Executed 29 of 137[32m SUCCESS[39m (0 secs / 0.414 secs)
[1A[2KERROR: [36m'The selector below has thrown an error upon invocation. Please check for any unsafe property access that may result in null or undefined values.', getSelectedPlanInModal(state) { ... }[39m
Chrome Headless 143.0.0.0 (Windows 10): Executed 29 of 137[32m SUCCESS[39m (0 secs / 0.414 secs)
ERROR: 'The selector below has thrown an error upon invocation. Please check for any unsafe property access that may result in null or undefined values.', getSelectedPlanInModal(state) { ... }
[1A[2KERROR: [36m'The selector below has thrown an error upon invocation. Please check for any unsafe property access that may result in null or undefined values.', getSelectedMateriaInModal(state) { ... }[39m
Chrome Headless 143.0.0.0 (Windows 10): Executed 29 of 137[32m SUCCESS[39m (0 secs / 0.414 secs)
ERROR: 'The selector below has thrown an error upon invocation. Please check for any unsafe property access that may result in null or undefined values.', getSelectedMateriaInModal(state) { ... }
[1A[2KERROR: [36m'The selector below has thrown an error upon invocation. Please check for any unsafe property access that may result in null or undefined values.', getSelectedComisionInModal(state) { ... }[39m
Chrome Headless 143.0.0.0 (Windows 10): Executed 29 of 137[32m SUCCESS[39m (0 secs / 0.414 secs)
ERROR: 'The selector below has thrown an error upon invocation. Please check for any unsafe property access that may result in null or undefined values.', getSelectedComisionInModal(state) { ... }
[1A[2KERROR: [36m'The selector below has thrown an error upon invocation. Please check for any unsafe property access that may result in null or undefined values.', getCursoSelected(state) { ... }[39m
Chrome Headless 143.0.0.0 (Windows 10): Executed 29 of 137[32m SUCCESS[39m (0 secs / 0.414 secs)
ERROR: 'The selector below has thrown an error upon invocation. Please check for any unsafe property access that may result in null or undefined values.', getCursoSelected(state) { ... }
[1A[2KERROR: [36m'The selector below has thrown an error upon invocation. Please check for any unsafe property access that may result in null or undefined values.', getPlanSelected(state) { ... }[39m
Chrome Headless 143.0.0.0 (Windows 10): Executed 29 of 137[32m SUCCESS[39m (0 secs / 0.414 secs)
ERROR: 'The selector below has thrown an error upon invocation. Please check for any unsafe property access that may result in null or undefined values.', getPlanSelected(state) { ... }
[1A[2KERROR: [36m'The selector below has thrown an error upon invocation. Please check for any unsafe property access that may result in null or undefined values.', getPlanSelected(state) { ... }[39m
Chrome Headless 143.0.0.0 (Windows 10): Executed 29 of 137[32m SUCCESS[39m (0 secs / 0.414 secs)
ERROR: 'The selector below has thrown an error upon invocation. Please check for any unsafe property access that may result in null or undefined values.', getPlanSelected(state) { ... }
[1A[2KERROR: [36m'The selector below has thrown an error upon invocation. Please check for any unsafe property access that may result in null or undefined values.', getPlanSelected(state) { ... }[39m
Chrome Headless 143.0.0.0 (Windows 10): Executed 29 of 137[32m SUCCESS[39m (0 secs / 0.414 secs)
ERROR: 'The selector below has thrown an error upon invocation. Please check for any unsafe property access that may result in null or undefined values.', getPlanSelected(state) { ... }
[1A[2KERROR: [36m'The selector below has thrown an error upon invocation. Please check for any unsafe property access that may result in null or undefined values.', getPlanSelected(state) { ... }[39m
Chrome Headless 143.0.0.0 (Windows 10): Executed 29 of 137[32m SUCCESS[39m (0 secs / 0.414 secs)
ERROR: 'The selector below has thrown an error upon invocation. Please check for any unsafe property access that may result in null or undefined values.', getPlanSelected(state) { ... }
[1A[2KERROR: [36m'The selector below has thrown an error upon invocation. Please check for any unsafe property access that may result in null or undefined values.', getPlanSelected(state) { ... }[39m
Chrome Headless 143.0.0.0 (Windows 10): Executed 29 of 137[32m SUCCESS[39m (0 secs / 0.414 secs)
ERROR: 'The selector below has thrown an error upon invocation. Please check for any unsafe property access that may result in null or undefined values.', getPlanSelected(state) { ... }
[1A[2KERROR: [36m'The selector below has thrown an error upon invocation. Please check for any unsafe property access that may result in null or undefined values.', getSelectedEspecialidad(state) { ... }[39m
Chrome Headless 143.0.0.0 (Windows 10): Executed 29 of 137[32m SUCCESS[39m (0 secs / 0.414 secs)
ERROR: 'The selector below has thrown an error upon invocation. Please check for any unsafe property access that may result in null or undefined values.', getSelectedEspecialidad(state) { ... }
[1A[2KERROR: [36m'The selector below has thrown an error upon invocation. Please check for any unsafe property access that may result in null or undefined values.', getPlanSelected(state) { ... }[39m
Chrome Headless 143.0.0.0 (Windows 10): Executed 29 of 137[32m SUCCESS[39m (0 secs / 0.414 secs)
ERROR: 'The selector below has thrown an error upon invocation. Please check for any unsafe property access that may result in null or undefined values.', getPlanSelected(state) { ... }
[1A[2KERROR: [36m'The selector below has thrown an error upon invocation. Please check for any unsafe property access that may result in null or undefined values.', getPlanSelected(state) { ... }[39m
Chrome Headless 143.0.0.0 (Windows 10): Executed 29 of 137[32m SUCCESS[39m (0 secs / 0.414 secs)
ERROR: 'The selector below has thrown an error upon invocation. Please check for any unsafe property access that may result in null or undefined values.', getPlanSelected(state) { ... }
[1A[2KERROR: [36m'The selector below has thrown an error upon invocation. Please check for any unsafe property access that may result in null or undefined values.', getShowModalPlanes(state) { ... }[39m
Chrome Headless 143.0.0.0 (Windows 10): Executed 29 of 137[32m SUCCESS[39m (0 secs / 0.414 secs)
ERROR: 'The selector below has thrown an error upon invocation. Please check for any unsafe property access that may result in null or undefined values.', getShowModalPlanes(state) { ... }
[1A[2KERROR: [36m'The selector below has thrown an error upon invocation. Please check for any unsafe property access that may result in null or undefined values.', getPlanes(state) { ... }[39m
Chrome Headless 143.0.0.0 (Windows 10): Executed 29 of 137[32m SUCCESS[39m (0 secs / 0.414 secs)
ERROR: 'The selector below has thrown an error upon invocation. Please check for any unsafe property access that may result in null or undefined values.', getPlanes(state) { ... }
[1A[2KERROR: [36m'The selector below has thrown an error upon invocation. Please check for any unsafe property access that may result in null or undefined values.', getEspecialidades(state) { ... }[39m
Chrome Headless 143.0.0.0 (Windows 10): Executed 29 of 137[32m SUCCESS[39m (0 secs / 0.414 secs)
ERROR: 'The selector below has thrown an error upon invocation. Please check for any unsafe property access that may result in null or undefined values.', getEspecialidades(state) { ... }
[1A[2KERROR: [36m'The selector below has thrown an error upon invocation. Please check for any unsafe property access that may result in null or undefined values.', getShowModalMaterias(state) { ... }[39m
Chrome Headless 143.0.0.0 (Windows 10): Executed 29 of 137[32m SUCCESS[39m (0 secs / 0.414 secs)
ERROR: 'The selector below has thrown an error upon invocation. Please check for any unsafe property access that may result in null or undefined values.', getShowModalMaterias(state) { ... }
[1A[2KERROR: [36m'The selector below has thrown an error upon invocation. Please check for any unsafe property access that may result in null or undefined values.', getShowModalComisiones(state) { ... }[39m
Chrome Headless 143.0.0.0 (Windows 10): Executed 29 of 137[32m SUCCESS[39m (0 secs / 0.414 secs)
ERROR: 'The selector below has thrown an error upon invocation. Please check for any unsafe property access that may result in null or undefined values.', getShowModalComisiones(state) { ... }
[1A[2KChrome Headless 143.0.0.0 (Windows 10): Executed 30 of 137[32m SUCCESS[39m (0 secs / 0.435 secs)
[1A[2KChrome Headless 143.0.0.0 (Windows 10): Executed 31 of 137[32m SUCCESS[39m (0 secs / 0.459 secs)
[1A[2KERROR: [36m'The selector below has thrown an error upon invocation. Please check for any unsafe property access that may result in null or undefined values.', getCursos(state) { ... }[39m
Chrome Headless 143.0.0.0 (Windows 10): Executed 31 of 137[32m SUCCESS[39m (0 secs / 0.459 secs)
ERROR: 'The selector below has thrown an error upon invocation. Please check for any unsafe property access that may result in null or undefined values.', getCursos(state) { ... }
[1A[2KERROR: [36m'The selector below has thrown an error upon invocation. Please check for any unsafe property access that may result in null or undefined values.', showModalConfirmation(state) { ... }[39m
Chrome Headless 143.0.0.0 (Windows 10): Executed 31 of 137[32m SUCCESS[39m (0 secs / 0.459 secs)
ERROR: 'The selector below has thrown an error upon invocation. Please check for any unsafe property access that may result in null or undefined values.', showModalConfirmation(state) { ... }
[1A[2KERROR: [36m'The selector below has thrown an error upon invocation. Please check for any unsafe property access that may result in null or undefined values.', getCursos(state) { ... }[39m
Chrome Headless 143.0.0.0 (Windows 10): Executed 31 of 137[32m SUCCESS[39m (0 secs / 0.459 secs)
ERROR: 'The selector below has thrown an error upon invocation. Please check for any unsafe property access that may result in null or undefined values.', getCursos(state) { ... }
[1A[2KChrome Headless 143.0.0.0 (Windows 10): Executed 32 of 137[32m SUCCESS[39m (0 secs / 0.488 secs)
[1A[2KERROR: [36m'The selector below has thrown an error upon invocation. Please check for any unsafe property access that may result in null or undefined values.', getEspecialidades(state) { ... }[39m
Chrome Headless 143.0.0.0 (Windows 10): Executed 32 of 137[32m SUCCESS[39m (0 secs / 0.488 secs)
ERROR: 'The selector below has thrown an error upon invocation. Please check for any unsafe property access that may result in null or undefined values.', getEspecialidades(state) { ... }
[1A[2KERROR: [36m'The selector below has thrown an error upon invocation. Please check for any unsafe property access that may result in null or undefined values.', getPlanes(state) { ... }[39m
Chrome Headless 143.0.0.0 (Windows 10): Executed 32 of 137[32m SUCCESS[39m (0 secs / 0.488 secs)
ERROR: 'The selector below has thrown an error upon invocation. Please check for any unsafe property access that may result in null or undefined values.', getPlanes(state) { ... }
[1A[2KERROR: [36m'The selector below has thrown an error upon invocation. Please check for any unsafe property access that may result in null or undefined values.', getLoading(state) { ... }[39m
Chrome Headless 143.0.0.0 (Windows 10): Executed 32 of 137[32m SUCCESS[39m (0 secs / 0.488 secs)
ERROR: 'The selector below has thrown an error upon invocation. Please check for any unsafe property access that may result in null or undefined values.', getLoading(state) { ... }
[1A[2KERROR: [36m'The selector below has thrown an error upon invocation. Please check for any unsafe property access that may result in null or undefined values.', getLoading(state) { ... }[39m
Chrome Headless 143.0.0.0 (Windows 10): Executed 32 of 137[32m SUCCESS[39m (0 secs / 0.488 secs)
ERROR: 'The selector below has thrown an error upon invocation. Please check for any unsafe property access that may result in null or undefined values.', getLoading(state) { ... }
[1A[2KChrome Headless 143.0.0.0 (Windows 10): Executed 33 of 137[32m SUCCESS[39m (0 secs / 0.523 secs)
[1A[2KERROR: [36m'The selector below has thrown an error upon invocation. Please check for any unsafe property access that may result in null or undefined values.', getFormLoading(state) { ... }[39m
Chrome Headless 143.0.0.0 (Windows 10): Executed 33 of 137[32m SUCCESS[39m (0 secs / 0.523 secs)
ERROR: 'The selector below has thrown an error upon invocation. Please check for any unsafe property access that may result in null or undefined values.', getFormLoading(state) { ... }
[1A[2KChrome Headless 143.0.0.0 (Windows 10): Executed 34 of 137[32m SUCCESS[39m (0 secs / 0.532 secs)
[1A[2KChrome Headless 143.0.0.0 (Windows 10): Executed 35 of 137[32m SUCCESS[39m (0 secs / 0.532 secs)
[1A[2KERROR: [36m'The selector below has thrown an error upon invocation. Please check for any unsafe property access that may result in null or undefined values.', getCursoSelected(state) { ... }[39m
Chrome Headless 143.0.0.0 (Windows 10): Executed 35 of 137[32m SUCCESS[39m (0 secs / 0.532 secs)
ERROR: 'The selector below has thrown an error upon invocation. Please check for any unsafe property access that may result in null or undefined values.', getCursoSelected(state) { ... }
[1A[2KERROR: [36m'The selector below has thrown an error upon invocation. Please check for any unsafe property access that may result in null or undefined values.', getSelectedDocenteInModal(state) { ... }[39m
Chrome Headless 143.0.0.0 (Windows 10): Executed 35 of 137[32m SUCCESS[39m (0 secs / 0.532 secs)
ERROR: 'The selector below has thrown an error upon invocation. Please check for any unsafe property access that may result in null or undefined values.', getSelectedDocenteInModal(state) { ... }
[1A[2KLOG: [36m'Dropdown component is deprecated as of v18, use Select component instead.'[39m
Chrome Headless 143.0.0.0 (Windows 10): Executed 35 of 137[32m SUCCESS[39m (0 secs / 0.532 secs)
LOG: 'Dropdown component is deprecated as of v18, use Select component instead.'
[1A[2KERROR: [36m'The selector below has thrown an error upon invocation. Please check for any unsafe property access that may result in null or undefined values.', getCursoSelected(state) { ... }[39m
Chrome Headless 143.0.0.0 (Windows 10): Executed 35 of 137[32m SUCCESS[39m (0 secs / 0.532 secs)
ERROR: 'The selector below has thrown an error upon invocation. Please check for any unsafe property access that may result in null or undefined values.', getCursoSelected(state) { ... }
[1A[2KChrome Headless 143.0.0.0 (Windows 10): Executed 36 of 137[32m SUCCESS[39m (0 secs / 0.549 secs)
[1A[2KChrome Headless 143.0.0.0 (Windows 10): Executed 37 of 137[32m SUCCESS[39m (0 secs / 0.561 secs)
[1A[2KERROR: [36m'Error en el flujo', EmptyErrorImpl{stack: 'Error: 
    at _super (http://localhost:9878/_karma_webpack_/webpack:/node_modules/rxjs/dist/esm/internal/util/createErrorClass.js:4:26)
    at new EmptyErrorImpl (http://localhost:9878/_karma_webpack_/webpack:/node_modules/rxjs/dist/esm/internal/util/EmptyError.js:3:5)
    at Object.complete (http://localhost:9878/_karma_webpack_/webpack:/node_modules/rxjs/dist/esm/internal/firstValueFrom.js:17:28)
    at ConsumerObserver.complete (http://localhost:9878/_karma_webpack_/webpack:/node_modules/rxjs/dist/esm/internal/Subscriber.js:116:33)
    at SafeSubscriber._complete (http://localhost:9878/_karma_webpack_/webpack:/node_modules/rxjs/dist/esm/internal/Subscriber.js:72:30)
    at SafeSubscriber.complete (http://localhost:9878/_karma_webpack_/webpack:/node_modules/rxjs/dist/esm/internal/Subscriber.js:49:18)
    at OperatorSubscriber._complete (http://localhost:9878/_karma_webpack_/webpack:/node_modules/rxjs/dist/esm/internal/Subscriber.js:72:30)
    at OperatorSubscriber.complete (http://localhost:9878/_karma_webpack_/webpack:/node_modules/rxjs/dist/esm/internal/Subscriber.js:49:18)
    at func (http://localhost:9878/_karma_webpack_/webpack:/node_modules/@ngxs/store/fesm2022/ngxs-store-internals.mjs:270:47)
    at DispatchOutsideZoneNgxsExecutionStrategy.runInsideAngular (http://localhost:9878/_karma_webpack_/webpack:/node_modules/@ngxs/store/fesm2022/ngxs-store.mjs:94:20)', name: 'EmptyError', message: 'no elements in sequence'}[39m
Chrome Headless 143.0.0.0 (Windows 10): Executed 37 of 137[32m SUCCESS[39m (0 secs / 0.561 secs)
ERROR: 'Error en el flujo', EmptyErrorImpl{stack: 'Error: 
    at _super (http://localhost:9878/_karma_webpack_/webpack:/node_modules/rxjs/dist/esm/internal/util/createErrorClass.js:4:26)
    at new EmptyErrorImpl (http://localhost:9878/_karma_webpack_/webpack:/node_modules/rxjs/dist/esm/internal/util/EmptyError.js:3:5)
    at Object.complete (http://localhost:9878/_karma_webpack_/webpack:/node_modules/rxjs/dist/esm/internal/firstValueFrom.js:17:28)
    at ConsumerObserver.complete (http://localhost:9878/_karma_webpack_/webpack:/node_modules/rxjs/dist/esm/internal/Subscriber.js:116:33)
    at SafeSubscriber._complete (http://localhost:9878/_karma_webpack_/webpack:/node_modules/rxjs/dist/esm/internal/Subscriber.js:72:30)
    at SafeSubscriber.complete (http://localhost:9878/_karma_webpack_/webpack:/node_modules/rxjs/dist/esm/internal/Subscriber.js:49:18)
    at OperatorSubscriber._complete (http://localhost:9878/_karma_webpack_/webpack:/node_modules/rxjs/dist/esm/internal/Subscriber.js:72:30)
    at OperatorSubscriber.complete (http://localhost:9878/_karma_webpack_/webpack:/node_modules/rxjs/dist/esm/internal/Subscriber.js:49:18)
    at func (http://localhost:9878/_karma_webpack_/webpack:/node_modules/@ngxs/store/fesm2022/ngxs-store-internals.mjs:270:47)
    at DispatchOutsideZoneNgxsExecutionStrategy.runInsideAngular (http://localhost:9878/_karma_webpack_/webpack:/node_modules/@ngxs/store/fesm2022/ngxs-store.mjs:94:20)', name: 'EmptyError', message: 'no elements in sequence'}
[1A[2KLOG: [36m'Dropdown component is deprecated as of v18, use Select component instead.'[39m
Chrome Headless 143.0.0.0 (Windows 10): Executed 37 of 137[32m SUCCESS[39m (0 secs / 0.561 secs)
LOG: 'Dropdown component is deprecated as of v18, use Select component instead.'
[1A[2KChrome Headless 143.0.0.0 (Windows 10): Executed 38 of 137[32m SUCCESS[39m (0 secs / 0.571 secs)
[1A[2KERROR: [36m'The selector below has thrown an error upon invocation. Please check for any unsafe property access that may result in null or undefined values.', showModalConfirmation(state) { ... }[39m
Chrome Headless 143.0.0.0 (Windows 10): Executed 38 of 137[32m SUCCESS[39m (0 secs / 0.571 secs)
ERROR: 'The selector below has thrown an error upon invocation. Please check for any unsafe property access that may result in null or undefined values.', showModalConfirmation(state) { ... }
[1A[2KERROR: [36m'The selector below has thrown an error upon invocation. Please check for any unsafe property access that may result in null or undefined values.', getSelectedEspecialidad(state) { ... }[39m
Chrome Headless 143.0.0.0 (Windows 10): Executed 38 of 137[32m SUCCESS[39m (0 secs / 0.571 secs)
ERROR: 'The selector below has thrown an error upon invocation. Please check for any unsafe property access that may result in null or undefined values.', getSelectedEspecialidad(state) { ... }
[1A[2KERROR: [36m'The selector below has thrown an error upon invocation. Please check for any unsafe property access that may result in null or undefined values.', getEspecialidades(state) { ... }[39m
Chrome Headless 143.0.0.0 (Windows 10): Executed 38 of 137[32m SUCCESS[39m (0 secs / 0.571 secs)
ERROR: 'The selector below has thrown an error upon invocation. Please check for any unsafe property access that may result in null or undefined values.', getEspecialidades(state) { ... }
[1A[2KERROR: [36m'The selector below has thrown an error upon invocation. Please check for any unsafe property access that may result in null or undefined values.', getFormLoading(state) { ... }[39m
Chrome Headless 143.0.0.0 (Windows 10): Executed 38 of 137[32m SUCCESS[39m (0 secs / 0.571 secs)
ERROR: 'The selector below has thrown an error upon invocation. Please check for any unsafe property access that may result in null or undefined values.', getFormLoading(state) { ... }
[1A[2KChrome Headless 143.0.0.0 (Windows 10): Executed 39 of 137[32m SUCCESS[39m (0 secs / 0.596 secs)
[1A[2KChrome Headless 143.0.0.0 (Windows 10): Executed 40 of 137[32m SUCCESS[39m (0 secs / 0.61 secs)
[1A[2KChrome Headless 143.0.0.0 (Windows 10): Executed 41 of 137[32m SUCCESS[39m (0 secs / 0.61 secs)
[1A[2KERROR: [36m'The selector below has thrown an error upon invocation. Please check for any unsafe property access that may result in null or undefined values.', getFormLoading(state) { ... }[39m
Chrome Headless 143.0.0.0 (Windows 10): Executed 41 of 137[32m SUCCESS[39m (0 secs / 0.61 secs)
ERROR: 'The selector below has thrown an error upon invocation. Please check for any unsafe property access that may result in null or undefined values.', getFormLoading(state) { ... }
[1A[2KChrome Headless 143.0.0.0 (Windows 10): Executed 42 of 137[32m SUCCESS[39m (0 secs / 0.617 secs)
[1A[2KERROR: [36m'The selector below has thrown an error upon invocation. Please check for any unsafe property access that may result in null or undefined values.', getSelectedPlanInModal(state) { ... }[39m
Chrome Headless 143.0.0.0 (Windows 10): Executed 42 of 137[32m SUCCESS[39m (0 secs / 0.617 secs)
ERROR: 'The selector below has thrown an error upon invocation. Please check for any unsafe property access that may result in null or undefined values.', getSelectedPlanInModal(state) { ... }
[1A[2KERROR: [36m'The selector below has thrown an error upon invocation. Please check for any unsafe property access that may result in null or undefined values.', getAlumnoSelected(state) { ... }[39m
Chrome Headless 143.0.0.0 (Windows 10): Executed 42 of 137[32m SUCCESS[39m (0 secs / 0.617 secs)
ERROR: 'The selector below has thrown an error upon invocation. Please check for any unsafe property access that may result in null or undefined values.', getAlumnoSelected(state) { ... }
[1A[2KERROR: [36m'The selector below has thrown an error upon invocation. Please check for any unsafe property access that may result in null or undefined values.', getPersonaSelected(state) { ... }[39m
Chrome Headless 143.0.0.0 (Windows 10): Executed 42 of 137[32m SUCCESS[39m (0 secs / 0.617 secs)
ERROR: 'The selector below has thrown an error upon invocation. Please check for any unsafe property access that may result in null or undefined values.', getPersonaSelected(state) { ... }
[1A[2KERROR: [36m'The selector below has thrown an error upon invocation. Please check for any unsafe property access that may result in null or undefined values.', getProfesorSelected(state) { ... }[39m
Chrome Headless 143.0.0.0 (Windows 10): Executed 42 of 137[32m SUCCESS[39m (0 secs / 0.617 secs)
ERROR: 'The selector below has thrown an error upon invocation. Please check for any unsafe property access that may result in null or undefined values.', getProfesorSelected(state) { ... }
[1A[2KERROR: [36m'The selector below has thrown an error upon invocation. Please check for any unsafe property access that may result in null or undefined values.', getSelectedEspecialidad(state) { ... }[39m
Chrome Headless 143.0.0.0 (Windows 10): Executed 42 of 137[32m SUCCESS[39m (0 secs / 0.617 secs)
ERROR: 'The selector below has thrown an error upon invocation. Please check for any unsafe property access that may result in null or undefined values.', getSelectedEspecialidad(state) { ... }
[1A[2KERROR: [36m'The selector below has thrown an error upon invocation. Please check for any unsafe property access that may result in null or undefined values.', getShowModalPlanes(state) { ... }[39m
Chrome Headless 143.0.0.0 (Windows 10): Executed 42 of 137[32m SUCCESS[39m (0 secs / 0.617 secs)
ERROR: 'The selector below has thrown an error upon invocation. Please check for any unsafe property access that may result in null or undefined values.', getShowModalPlanes(state) { ... }
[1A[2KERROR: [36m'The selector below has thrown an error upon invocation. Please check for any unsafe property access that may result in null or undefined values.', getPlanes(state) { ... }[39m
Chrome Headless 143.0.0.0 (Windows 10): Executed 42 of 137[32m SUCCESS[39m (0 secs / 0.617 secs)
ERROR: 'The selector below has thrown an error upon invocation. Please check for any unsafe property access that may result in null or undefined values.', getPlanes(state) { ... }
[1A[2KERROR: [36m'The selector below has thrown an error upon invocation. Please check for any unsafe property access that may result in null or undefined values.', getEspecialidades(state) { ... }[39m
Chrome Headless 143.0.0.0 (Windows 10): Executed 42 of 137[32m SUCCESS[39m (0 secs / 0.617 secs)
ERROR: 'The selector below has thrown an error upon invocation. Please check for any unsafe property access that may result in null or undefined values.', getEspecialidades(state) { ... }
[1A[2KChrome Headless 143.0.0.0 (Windows 10): Executed 43 of 137[32m SUCCESS[39m (0 secs / 0.644 secs)
[1A[2KChrome Headless 143.0.0.0 (Windows 10): Executed 44 of 137[32m SUCCESS[39m (0 secs / 0.645 secs)
[1A[2KERROR: [36m'The selector below has thrown an error upon invocation. Please check for any unsafe property access that may result in null or undefined values.', getFormLoading(state) { ... }[39m
Chrome Headless 143.0.0.0 (Windows 10): Executed 44 of 137[32m SUCCESS[39m (0 secs / 0.645 secs)
ERROR: 'The selector below has thrown an error upon invocation. Please check for any unsafe property access that may result in null or undefined values.', getFormLoading(state) { ... }
[1A[2KChrome Headless 143.0.0.0 (Windows 10): Executed 45 of 137[32m SUCCESS[39m (0 secs / 0.652 secs)
[1A[2KChrome Headless 143.0.0.0 (Windows 10): Executed 46 of 137[32m SUCCESS[39m (0 secs / 0.655 secs)
[1A[2KChrome Headless 143.0.0.0 (Windows 10): Executed 47 of 137[32m SUCCESS[39m (0 secs / 0.681 secs)
[1A[2KChrome Headless 143.0.0.0 (Windows 10): Executed 48 of 137[32m SUCCESS[39m (0 secs / 0.681 secs)
[1A[2KERROR: [36m'The selector below has thrown an error upon invocation. Please check for any unsafe property access that may result in null or undefined values.', getFormLoading(state) { ... }[39m
Chrome Headless 143.0.0.0 (Windows 10): Executed 48 of 137[32m SUCCESS[39m (0 secs / 0.681 secs)
ERROR: 'The selector below has thrown an error upon invocation. Please check for any unsafe property access that may result in null or undefined values.', getFormLoading(state) { ... }
[1A[2KChrome Headless 143.0.0.0 (Windows 10): Executed 49 of 137[32m SUCCESS[39m (0 secs / 0.688 secs)
[1A[2KERROR: [36m'The selector below has thrown an error upon invocation. Please check for any unsafe property access that may result in null or undefined values.', getSelectedPersonaInModal(state) { ... }[39m
Chrome Headless 143.0.0.0 (Windows 10): Executed 49 of 137[32m SUCCESS[39m (0 secs / 0.688 secs)
ERROR: 'The selector below has thrown an error upon invocation. Please check for any unsafe property access that may result in null or undefined values.', getSelectedPersonaInModal(state) { ... }
[1A[2KERROR: [36m'The selector below has thrown an error upon invocation. Please check for any unsafe property access that may result in null or undefined values.', getShowModalPersonas(state) { ... }[39m
Chrome Headless 143.0.0.0 (Windows 10): Executed 49 of 137[32m SUCCESS[39m (0 secs / 0.688 secs)
ERROR: 'The selector below has thrown an error upon invocation. Please check for any unsafe property access that may result in null or undefined values.', getShowModalPersonas(state) { ... }
[1A[2KChrome Headless 143.0.0.0 (Windows 10): Executed 50 of 137[32m SUCCESS[39m (0 secs / 0.717 secs)
[1A[2KERROR: [36m'The selector below has thrown an error upon invocation. Please check for any unsafe property access that may result in null or undefined values.', showModalConfirmation(state) { ... }[39m
Chrome Headless 143.0.0.0 (Windows 10): Executed 50 of 137[32m SUCCESS[39m (0 secs / 0.717 secs)
ERROR: 'The selector below has thrown an error upon invocation. Please check for any unsafe property access that may result in null or undefined values.', showModalConfirmation(state) { ... }
[1A[2KERROR: [36m'The selector below has thrown an error upon invocation. Please check for any unsafe property access that may result in null or undefined values.', getFormLoading(state) { ... }[39m
Chrome Headless 143.0.0.0 (Windows 10): Executed 50 of 137[32m SUCCESS[39m (0 secs / 0.717 secs)
ERROR: 'The selector below has thrown an error upon invocation. Please check for any unsafe property access that may result in null or undefined values.', getFormLoading(state) { ... }
[1A[2KChrome Headless 143.0.0.0 (Windows 10): Executed 51 of 137[32m SUCCESS[39m (0 secs / 0.737 secs)
[1A[2K[31mChrome Headless 143.0.0.0 (Windows 10) ParameterComponent should create FAILED[39m
	NullInjectorError: R3InjectorError(Standalone[ParameterComponent])[Store -> Store -> InternalStateOperations -> InternalDispatcher -> InternalNgxsExecutionStrategy -> InjectionToken NGXS_EXECUTION_STRATEGY -> InjectionToken CUSTOM_NGXS_EXECUTION_STRATEGY -> InjectionToken CUSTOM_NGXS_EXECUTION_STRATEGY]: 
	  NullInjectorError: No provider for InjectionToken CUSTOM_NGXS_EXECUTION_STRATEGY!
	error properties: Object({ ngTempTokenPath: null, ngTokenPath: [ 'Store', 'Store', 'InternalStateOperations', 'InternalDispatcher', 'InternalNgxsExecutionStrategy', 'InjectionToken NGXS_EXECUTION_STRATEGY', 'InjectionToken CUSTOM_NGXS_EXECUTION_STRATEGY', 'InjectionToken CUSTOM_NGXS_EXECUTION_STRATEGY' ] })
	    at NullInjector.get (node_modules/@angular/core/fesm2022/core.mjs:1675:27)
	    at R3Injector.get (node_modules/@angular/core/fesm2022/core.mjs:2198:33)
	    at R3Injector.get (node_modules/@angular/core/fesm2022/core.mjs:2198:33)
	    at Object.factory (node_modules/@ngxs/store/fesm2022/ngxs-store.mjs:138:44)
	    at callback (node_modules/@angular/core/fesm2022/core.mjs:2321:47)
	    at runInInjectorProfilerContext (node_modules/@angular/core/fesm2022/core.mjs:880:9)
	    at R3Injector.hydrate (node_modules/@angular/core/fesm2022/core.mjs:2320:21)
	    at R3Injector.get (node_modules/@angular/core/fesm2022/core.mjs:2188:33)
	    at injectInjectorOnly (node_modules/@angular/core/fesm2022/core.mjs:1115:40)
	    at ╔Á╔Áinject (node_modules/@angular/core/fesm2022/core.mjs:1121:60)
Chrome Headless 143.0.0.0 (Windows 10): Executed 52 of 137[31m (1 FAILED)[39m (0 secs / 0.743 secs)
[1A[2KERROR: [36m'The selector below has thrown an error upon invocation. Please check for any unsafe property access that may result in null or undefined values.', getFormLoading(state) { ... }[39m
Chrome Headless 143.0.0.0 (Windows 10): Executed 52 of 137[31m (1 FAILED)[39m (0 secs / 0.743 secs)
ERROR: 'The selector below has thrown an error upon invocation. Please check for any unsafe property access that may result in null or undefined values.', getFormLoading(state) { ... }
[1A[2KChrome Headless 143.0.0.0 (Windows 10): Executed 53 of 137[31m (1 FAILED)[39m (0 secs / 0.748 secs)
[1A[2KChrome Headless 143.0.0.0 (Windows 10): Executed 54 of 137[31m (1 FAILED)[39m (0 secs / 0.754 secs)
[1A[2KERROR: [36m'The selector below has thrown an error upon invocation. Please check for any unsafe property access that may result in null or undefined values.', getSelectedPersonaInModal(state) { ... }[39m
Chrome Headless 143.0.0.0 (Windows 10): Executed 54 of 137[31m (1 FAILED)[39m (0 secs / 0.754 secs)
ERROR: 'The selector below has thrown an error upon invocation. Please check for any unsafe property access that may result in null or undefined values.', getSelectedPersonaInModal(state) { ... }
[1A[2KERROR: [36m'The selector below has thrown an error upon invocation. Please check for any unsafe property access that may result in null or undefined values.', getShowModalPersonas(state) { ... }[39m
Chrome Headless 143.0.0.0 (Windows 10): Executed 54 of 137[31m (1 FAILED)[39m (0 secs / 0.754 secs)
ERROR: 'The selector below has thrown an error upon invocation. Please check for any unsafe property access that may result in null or undefined values.', getShowModalPersonas(state) { ... }
[1A[2KChrome Headless 143.0.0.0 (Windows 10): Executed 55 of 137[31m (1 FAILED)[39m (0 secs / 0.766 secs)
[1A[2KChrome Headless 143.0.0.0 (Windows 10): Executed 56 of 137[31m (1 FAILED)[39m (0 secs / 0.774 secs)
[1A[2KChrome Headless 143.0.0.0 (Windows 10): Executed 57 of 137[31m (1 FAILED)[39m (0 secs / 0.777 secs)
[1A[2KChrome Headless 143.0.0.0 (Windows 10): Executed 58 of 137[31m (1 FAILED)[39m (0 secs / 0.779 secs)
[1A[2KChrome Headless 143.0.0.0 (Windows 10): Executed 59 of 137[31m (1 FAILED)[39m (0 secs / 0.781 secs)
[1A[2KChrome Headless 143.0.0.0 (Windows 10): Executed 60 of 137[31m (1 FAILED)[39m (0 secs / 0.785 secs)
[1A[2KChrome Headless 143.0.0.0 (Windows 10): Executed 61 of 137[31m (1 FAILED)[39m (0 secs / 0.787 secs)
[1A[2KChrome Headless 143.0.0.0 (Windows 10): Executed 62 of 137[31m (1 FAILED)[39m (0 secs / 0.789 secs)
[1A[2KChrome Headless 143.0.0.0 (Windows 10): Executed 63 of 137[31m (1 FAILED)[39m (0 secs / 0.791 secs)
[1A[2KChrome Headless 143.0.0.0 (Windows 10): Executed 64 of 137[31m (1 FAILED)[39m (0 secs / 0.794 secs)
[1A[2KChrome Headless 143.0.0.0 (Windows 10): Executed 65 of 137[31m (1 FAILED)[39m (0 secs / 0.8 secs)
[1A[2KChrome Headless 143.0.0.0 (Windows 10): Executed 66 of 137[31m (1 FAILED)[39m (0 secs / 0.803 secs)
[1A[2KChrome Headless 143.0.0.0 (Windows 10): Executed 67 of 137[31m (1 FAILED)[39m (0 secs / 0.805 secs)
[1A[2KChrome Headless 143.0.0.0 (Windows 10): Executed 68 of 137[31m (1 FAILED)[39m (0 secs / 0.807 secs)
[1A[2KChrome Headless 143.0.0.0 (Windows 10): Executed 69 of 137[31m (1 FAILED)[39m (0 secs / 0.816 secs)
[1A[2KChrome Headless 143.0.0.0 (Windows 10): Executed 70 of 137[31m (1 FAILED)[39m (0 secs / 1.246 secs)
[1A[2KChrome Headless 143.0.0.0 (Windows 10): Executed 71 of 137[31m (1 FAILED)[39m (0 secs / 1.263 secs)
[1A[2KChrome Headless 143.0.0.0 (Windows 10): Executed 72 of 137[31m (1 FAILED)[39m (0 secs / 1.279 secs)
[1A[2KChrome Headless 143.0.0.0 (Windows 10): Executed 73 of 137[31m (1 FAILED)[39m (0 secs / 1.293 secs)
[1A[2KERROR: [36m'The selector below has thrown an error upon invocation. Please check for any unsafe property access that may result in null or undefined values.', getFormLoading(state) { ... }[39m
Chrome Headless 143.0.0.0 (Windows 10): Executed 73 of 137[31m (1 FAILED)[39m (0 secs / 1.293 secs)
ERROR: 'The selector below has thrown an error upon invocation. Please check for any unsafe property access that may result in null or undefined values.', getFormLoading(state) { ... }
[1A[2KChrome Headless 143.0.0.0 (Windows 10): Executed 74 of 137[31m (1 FAILED)[39m (0 secs / 1.299 secs)
[1A[2KChrome Headless 143.0.0.0 (Windows 10): Executed 75 of 137[31m (1 FAILED)[39m (0 secs / 1.3 secs)
[1A[2KERROR: [36m'The selector below has thrown an error upon invocation. Please check for any unsafe property access that may result in null or undefined values.', getPlanes(state) { ... }[39m
Chrome Headless 143.0.0.0 (Windows 10): Executed 75 of 137[31m (1 FAILED)[39m (0 secs / 1.3 secs)
ERROR: 'The selector below has thrown an error upon invocation. Please check for any unsafe property access that may result in null or undefined values.', getPlanes(state) { ... }
[1A[2KERROR: [36m'The selector below has thrown an error upon invocation. Please check for any unsafe property access that may result in null or undefined values.', getFormLoading(state) { ... }[39m
Chrome Headless 143.0.0.0 (Windows 10): Executed 75 of 137[31m (1 FAILED)[39m (0 secs / 1.3 secs)
ERROR: 'The selector below has thrown an error upon invocation. Please check for any unsafe property access that may result in null or undefined values.', getFormLoading(state) { ... }
[1A[2KChrome Headless 143.0.0.0 (Windows 10): Executed 76 of 137[31m (1 FAILED)[39m (0 secs / 1.307 secs)
[1A[2KERROR: [36m'The selector below has thrown an error upon invocation. Please check for any unsafe property access that may result in null or undefined values.', getPlanes(state) { ... }[39m
Chrome Headless 143.0.0.0 (Windows 10): Executed 76 of 137[31m (1 FAILED)[39m (0 secs / 1.307 secs)
ERROR: 'The selector below has thrown an error upon invocation. Please check for any unsafe property access that may result in null or undefined values.', getPlanes(state) { ... }
[1A[2KERROR: [36m'The selector below has thrown an error upon invocation. Please check for any unsafe property access that may result in null or undefined values.', getEspecialidades(state) { ... }[39m
Chrome Headless 143.0.0.0 (Windows 10): Executed 76 of 137[31m (1 FAILED)[39m (0 secs / 1.307 secs)
ERROR: 'The selector below has thrown an error upon invocation. Please check for any unsafe property access that may result in null or undefined values.', getEspecialidades(state) { ... }
[1A[2KChrome Headless 143.0.0.0 (Windows 10): Executed 77 of 137[31m (1 FAILED)[39m (0 secs / 1.326 secs)
[1A[2KChrome Headless 143.0.0.0 (Windows 10): Executed 78 of 137[31m (1 FAILED)[39m (0 secs / 1.326 secs)
[1A[2KChrome Headless 143.0.0.0 (Windows 10): Executed 79 of 137[31m (1 FAILED)[39m (0 secs / 1.328 secs)
[1A[2KChrome Headless 143.0.0.0 (Windows 10): Executed 80 of 137[31m (1 FAILED)[39m (0 secs / 1.34 secs)
[1A[2KChrome Headless 143.0.0.0 (Windows 10): Executed 81 of 137[31m (1 FAILED)[39m (0 secs / 1.362 secs)
[1A[2KERROR: [36m'The selector below has thrown an error upon invocation. Please check for any unsafe property access that may result in null or undefined values.', getMateriaSelected(state) { ... }[39m
Chrome Headless 143.0.0.0 (Windows 10): Executed 81 of 137[31m (1 FAILED)[39m (0 secs / 1.362 secs)
ERROR: 'The selector below has thrown an error upon invocation. Please check for any unsafe property access that may result in null or undefined values.', getMateriaSelected(state) { ... }
[1A[2KChrome Headless 143.0.0.0 (Windows 10): Executed 82 of 137[31m (1 FAILED)[39m (0 secs / 1.367 secs)
[1A[2KChrome Headless 143.0.0.0 (Windows 10): Executed 83 of 137[31m (1 FAILED)[39m (0 secs / 1.367 secs)
[1A[2KERROR: [36m'The selector below has thrown an error upon invocation. Please check for any unsafe property access that may result in null or undefined values.', showModalConfirmation(state) { ... }[39m
Chrome Headless 143.0.0.0 (Windows 10): Executed 83 of 137[31m (1 FAILED)[39m (0 secs / 1.367 secs)
ERROR: 'The selector below has thrown an error upon invocation. Please check for any unsafe property access that may result in null or undefined values.', showModalConfirmation(state) { ... }
[1A[2KERROR: [36m'The selector below has thrown an error upon invocation. Please check for any unsafe property access that may result in null or undefined values.', getSelectedPlanInFilter(state) { ... }[39m
Chrome Headless 143.0.0.0 (Windows 10): Executed 83 of 137[31m (1 FAILED)[39m (0 secs / 1.367 secs)
ERROR: 'The selector below has thrown an error upon invocation. Please check for any unsafe property access that may result in null or undefined values.', getSelectedPlanInFilter(state) { ... }
[1A[2KERROR: [36m'The selector below has thrown an error upon invocation. Please check for any unsafe property access that may result in null or undefined values.', getSelectedPlanInFilter(state) { ... }[39m
Chrome Headless 143.0.0.0 (Windows 10): Executed 83 of 137[31m (1 FAILED)[39m (0 secs / 1.367 secs)
ERROR: 'The selector below has thrown an error upon invocation. Please check for any unsafe property access that may result in null or undefined values.', getSelectedPlanInFilter(state) { ... }
[1A[2KERROR: [36m'The selector below has thrown an error upon invocation. Please check for any unsafe property access that may result in null or undefined values.', getPlanes(state) { ... }[39m
Chrome Headless 143.0.0.0 (Windows 10): Executed 83 of 137[31m (1 FAILED)[39m (0 secs / 1.367 secs)
ERROR: 'The selector below has thrown an error upon invocation. Please check for any unsafe property access that may result in null or undefined values.', getPlanes(state) { ... }
[1A[2KERROR: [36m'The selector below has thrown an error upon invocation. Please check for any unsafe property access that may result in null or undefined values.', getLoading(state) { ... }[39m
Chrome Headless 143.0.0.0 (Windows 10): Executed 83 of 137[31m (1 FAILED)[39m (0 secs / 1.367 secs)
ERROR: 'The selector below has thrown an error upon invocation. Please check for any unsafe property access that may result in null or undefined values.', getLoading(state) { ... }
[1A[2KERROR: [36m'The selector below has thrown an error upon invocation. Please check for any unsafe property access that may result in null or undefined values.', getLoading(state) { ... }[39m
Chrome Headless 143.0.0.0 (Windows 10): Executed 83 of 137[31m (1 FAILED)[39m (0 secs / 1.367 secs)
ERROR: 'The selector below has thrown an error upon invocation. Please check for any unsafe property access that may result in null or undefined values.', getLoading(state) { ... }
[1A[2KERROR: [36m'The selector below has thrown an error upon invocation. Please check for any unsafe property access that may result in null or undefined values.', getLoading(state) { ... }[39m
Chrome Headless 143.0.0.0 (Windows 10): Executed 83 of 137[31m (1 FAILED)[39m (0 secs / 1.367 secs)
ERROR: 'The selector below has thrown an error upon invocation. Please check for any unsafe property access that may result in null or undefined values.', getLoading(state) { ... }
[1A[2KERROR: [36m'The selector below has thrown an error upon invocation. Please check for any unsafe property access that may result in null or undefined values.', getFormLoading(state) { ... }[39m
Chrome Headless 143.0.0.0 (Windows 10): Executed 83 of 137[31m (1 FAILED)[39m (0 secs / 1.367 secs)
ERROR: 'The selector below has thrown an error upon invocation. Please check for any unsafe property access that may result in null or undefined values.', getFormLoading(state) { ... }
[1A[2KChrome Headless 143.0.0.0 (Windows 10): Executed 84 of 137[31m (1 FAILED)[39m (0 secs / 1.396 secs)
[1A[2KLOG: [36m'Dropdown component is deprecated as of v18, use Select component instead.'[39m
Chrome Headless 143.0.0.0 (Windows 10): Executed 84 of 137[31m (1 FAILED)[39m (0 secs / 1.396 secs)
LOG: 'Dropdown component is deprecated as of v18, use Select component instead.'
[1A[2KChrome Headless 143.0.0.0 (Windows 10): Executed 85 of 137[31m (1 FAILED)[39m (0 secs / 1.418 secs)
[1A[2KChrome Headless 143.0.0.0 (Windows 10): Executed 86 of 137[31m (1 FAILED)[39m (0 secs / 1.421 secs)
[1A[2KChrome Headless 143.0.0.0 (Windows 10): Executed 87 of 137[31m (1 FAILED)[39m (0 secs / 1.421 secs)
[1A[2KERROR: [36m'The selector below has thrown an error upon invocation. Please check for any unsafe property access that may result in null or undefined values.', getSelectedPlanInModal(state) { ... }[39m
Chrome Headless 143.0.0.0 (Windows 10): Executed 87 of 137[31m (1 FAILED)[39m (0 secs / 1.421 secs)
ERROR: 'The selector below has thrown an error upon invocation. Please check for any unsafe property access that may result in null or undefined values.', getSelectedPlanInModal(state) { ... }
[1A[2KERROR: [36m'The selector below has thrown an error upon invocation. Please check for any unsafe property access that may result in null or undefined values.', getSelectedEspecialidad(state) { ... }[39m
Chrome Headless 143.0.0.0 (Windows 10): Executed 87 of 137[31m (1 FAILED)[39m (0 secs / 1.421 secs)
ERROR: 'The selector below has thrown an error upon invocation. Please check for any unsafe property access that may result in null or undefined values.', getSelectedEspecialidad(state) { ... }
[1A[2KERROR: [36m'The selector below has thrown an error upon invocation. Please check for any unsafe property access that may result in null or undefined values.', getShowModalPlanes(state) { ... }[39m
Chrome Headless 143.0.0.0 (Windows 10): Executed 87 of 137[31m (1 FAILED)[39m (0 secs / 1.421 secs)
ERROR: 'The selector below has thrown an error upon invocation. Please check for any unsafe property access that may result in null or undefined values.', getShowModalPlanes(state) { ... }
[1A[2KERROR: [36m'The selector below has thrown an error upon invocation. Please check for any unsafe property access that may result in null or undefined values.', getEspecialidades(state) { ... }[39m
Chrome Headless 143.0.0.0 (Windows 10): Executed 87 of 137[31m (1 FAILED)[39m (0 secs / 1.421 secs)
ERROR: 'The selector below has thrown an error upon invocation. Please check for any unsafe property access that may result in null or undefined values.', getEspecialidades(state) { ... }
[1A[2KChrome Headless 143.0.0.0 (Windows 10): Executed 88 of 137[31m (1 FAILED)[39m (0 secs / 1.44 secs)
[1A[2KChrome Headless 143.0.0.0 (Windows 10): Executed 89 of 137[31m (1 FAILED)[39m (0 secs / 1.442 secs)
[1A[2KChrome Headless 143.0.0.0 (Windows 10): Executed 90 of 137[31m (1 FAILED)[39m (0 secs / 1.447 secs)
[1A[2KERROR: [36m'The selector below has thrown an error upon invocation. Please check for any unsafe property access that may result in null or undefined values.', getCursos(state) { ... }[39m
Chrome Headless 143.0.0.0 (Windows 10): Executed 90 of 137[31m (1 FAILED)[39m (0 secs / 1.447 secs)
ERROR: 'The selector below has thrown an error upon invocation. Please check for any unsafe property access that may result in null or undefined values.', getCursos(state) { ... }
[1A[2KERROR: [36m'The selector below has thrown an error upon invocation. Please check for any unsafe property access that may result in null or undefined values.', getMaterias(state) { ... }[39m
Chrome Headless 143.0.0.0 (Windows 10): Executed 90 of 137[31m (1 FAILED)[39m (0 secs / 1.447 secs)
ERROR: 'The selector below has thrown an error upon invocation. Please check for any unsafe property access that may result in null or undefined values.', getMaterias(state) { ... }
[1A[2KERROR: [36m'The selector below has thrown an error upon invocation. Please check for any unsafe property access that may result in null or undefined values.', getLoading(state) { ... }[39m
Chrome Headless 143.0.0.0 (Windows 10): Executed 90 of 137[31m (1 FAILED)[39m (0 secs / 1.447 secs)
ERROR: 'The selector below has thrown an error upon invocation. Please check for any unsafe property access that may result in null or undefined values.', getLoading(state) { ... }
[1A[2KChrome Headless 143.0.0.0 (Windows 10): Executed 91 of 137[31m (1 FAILED)[39m (0 secs / 1.463 secs)
[1A[2KERROR: [36m'The selector below has thrown an error upon invocation. Please check for any unsafe property access that may result in null or undefined values.', getCursos(state) { ... }[39m
Chrome Headless 143.0.0.0 (Windows 10): Executed 91 of 137[31m (1 FAILED)[39m (0 secs / 1.463 secs)
ERROR: 'The selector below has thrown an error upon invocation. Please check for any unsafe property access that may result in null or undefined values.', getCursos(state) { ... }
[1A[2KERROR: [36m'The selector below has thrown an error upon invocation. Please check for any unsafe property access that may result in null or undefined values.', getMaterias(state) { ... }[39m
Chrome Headless 143.0.0.0 (Windows 10): Executed 91 of 137[31m (1 FAILED)[39m (0 secs / 1.463 secs)
ERROR: 'The selector below has thrown an error upon invocation. Please check for any unsafe property access that may result in null or undefined values.', getMaterias(state) { ... }
[1A[2KERROR: [36m'The selector below has thrown an error upon invocation. Please check for any unsafe property access that may result in null or undefined values.', getLoading(state) { ... }[39m
Chrome Headless 143.0.0.0 (Windows 10): Executed 91 of 137[31m (1 FAILED)[39m (0 secs / 1.463 secs)
ERROR: 'The selector below has thrown an error upon invocation. Please check for any unsafe property access that may result in null or undefined values.', getLoading(state) { ... }
[1A[2KChrome Headless 143.0.0.0 (Windows 10): Executed 92 of 137[31m (1 FAILED)[39m (0 secs / 1.482 secs)
[1A[2KERROR: [36m'The selector below has thrown an error upon invocation. Please check for any unsafe property access that may result in null or undefined values.', getCursos(state) { ... }[39m
Chrome Headless 143.0.0.0 (Windows 10): Executed 92 of 137[31m (1 FAILED)[39m (0 secs / 1.482 secs)
ERROR: 'The selector below has thrown an error upon invocation. Please check for any unsafe property access that may result in null or undefined values.', getCursos(state) { ... }
[1A[2KERROR: [36m'The selector below has thrown an error upon invocation. Please check for any unsafe property access that may result in null or undefined values.', getMaterias(state) { ... }[39m
Chrome Headless 143.0.0.0 (Windows 10): Executed 92 of 137[31m (1 FAILED)[39m (0 secs / 1.482 secs)
ERROR: 'The selector below has thrown an error upon invocation. Please check for any unsafe property access that may result in null or undefined values.', getMaterias(state) { ... }
[1A[2KERROR: [36m'The selector below has thrown an error upon invocation. Please check for any unsafe property access that may result in null or undefined values.', getLoading(state) { ... }[39m
Chrome Headless 143.0.0.0 (Windows 10): Executed 92 of 137[31m (1 FAILED)[39m (0 secs / 1.482 secs)
ERROR: 'The selector below has thrown an error upon invocation. Please check for any unsafe property access that may result in null or undefined values.', getLoading(state) { ... }
[1A[2KChrome Headless 143.0.0.0 (Windows 10): Executed 93 of 137[31m (1 FAILED)[39m (0 secs / 1.498 secs)
[1A[2KERROR: [36m'The selector below has thrown an error upon invocation. Please check for any unsafe property access that may result in null or undefined values.', getCursos(state) { ... }[39m
Chrome Headless 143.0.0.0 (Windows 10): Executed 93 of 137[31m (1 FAILED)[39m (0 secs / 1.498 secs)
ERROR: 'The selector below has thrown an error upon invocation. Please check for any unsafe property access that may result in null or undefined values.', getCursos(state) { ... }
[1A[2KERROR: [36m'The selector below has thrown an error upon invocation. Please check for any unsafe property access that may result in null or undefined values.', getMaterias(state) { ... }[39m
Chrome Headless 143.0.0.0 (Windows 10): Executed 93 of 137[31m (1 FAILED)[39m (0 secs / 1.498 secs)
ERROR: 'The selector below has thrown an error upon invocation. Please check for any unsafe property access that may result in null or undefined values.', getMaterias(state) { ... }
[1A[2KERROR: [36m'The selector below has thrown an error upon invocation. Please check for any unsafe property access that may result in null or undefined values.', getLoading(state) { ... }[39m
Chrome Headless 143.0.0.0 (Windows 10): Executed 93 of 137[31m (1 FAILED)[39m (0 secs / 1.498 secs)
ERROR: 'The selector below has thrown an error upon invocation. Please check for any unsafe property access that may result in null or undefined values.', getLoading(state) { ... }
[1A[2KChrome Headless 143.0.0.0 (Windows 10): Executed 94 of 137[31m (1 FAILED)[39m (0 secs / 1.513 secs)
[1A[2KERROR: [36m'The selector below has thrown an error upon invocation. Please check for any unsafe property access that may result in null or undefined values.', getCursos(state) { ... }[39m
Chrome Headless 143.0.0.0 (Windows 10): Executed 94 of 137[31m (1 FAILED)[39m (0 secs / 1.513 secs)
ERROR: 'The selector below has thrown an error upon invocation. Please check for any unsafe property access that may result in null or undefined values.', getCursos(state) { ... }
[1A[2KERROR: [36m'The selector below has thrown an error upon invocation. Please check for any unsafe property access that may result in null or undefined values.', getMaterias(state) { ... }[39m
Chrome Headless 143.0.0.0 (Windows 10): Executed 94 of 137[31m (1 FAILED)[39m (0 secs / 1.513 secs)
ERROR: 'The selector below has thrown an error upon invocation. Please check for any unsafe property access that may result in null or undefined values.', getMaterias(state) { ... }
[1A[2KERROR: [36m'The selector below has thrown an error upon invocation. Please check for any unsafe property access that may result in null or undefined values.', getLoading(state) { ... }[39m
Chrome Headless 143.0.0.0 (Windows 10): Executed 94 of 137[31m (1 FAILED)[39m (0 secs / 1.513 secs)
ERROR: 'The selector below has thrown an error upon invocation. Please check for any unsafe property access that may result in null or undefined values.', getLoading(state) { ... }
[1A[2KChrome Headless 143.0.0.0 (Windows 10): Executed 95 of 137[31m (1 FAILED)[39m (0 secs / 1.525 secs)
[1A[2KERROR: [36m'The selector below has thrown an error upon invocation. Please check for any unsafe property access that may result in null or undefined values.', getCursos(state) { ... }[39m
Chrome Headless 143.0.0.0 (Windows 10): Executed 95 of 137[31m (1 FAILED)[39m (0 secs / 1.525 secs)
ERROR: 'The selector below has thrown an error upon invocation. Please check for any unsafe property access that may result in null or undefined values.', getCursos(state) { ... }
[1A[2KERROR: [36m'The selector below has thrown an error upon invocation. Please check for any unsafe property access that may result in null or undefined values.', getMaterias(state) { ... }[39m
Chrome Headless 143.0.0.0 (Windows 10): Executed 95 of 137[31m (1 FAILED)[39m (0 secs / 1.525 secs)
ERROR: 'The selector below has thrown an error upon invocation. Please check for any unsafe property access that may result in null or undefined values.', getMaterias(state) { ... }
[1A[2KERROR: [36m'The selector below has thrown an error upon invocation. Please check for any unsafe property access that may result in null or undefined values.', getLoading(state) { ... }[39m
Chrome Headless 143.0.0.0 (Windows 10): Executed 95 of 137[31m (1 FAILED)[39m (0 secs / 1.525 secs)
ERROR: 'The selector below has thrown an error upon invocation. Please check for any unsafe property access that may result in null or undefined values.', getLoading(state) { ... }
[1A[2KChrome Headless 143.0.0.0 (Windows 10): Executed 96 of 137[31m (1 FAILED)[39m (0 secs / 1.538 secs)
[1A[2KERROR: [36m'The selector below has thrown an error upon invocation. Please check for any unsafe property access that may result in null or undefined values.', getCursos(state) { ... }[39m
Chrome Headless 143.0.0.0 (Windows 10): Executed 96 of 137[31m (1 FAILED)[39m (0 secs / 1.538 secs)
ERROR: 'The selector below has thrown an error upon invocation. Please check for any unsafe property access that may result in null or undefined values.', getCursos(state) { ... }
[1A[2KERROR: [36m'The selector below has thrown an error upon invocation. Please check for any unsafe property access that may result in null or undefined values.', getMaterias(state) { ... }[39m
Chrome Headless 143.0.0.0 (Windows 10): Executed 96 of 137[31m (1 FAILED)[39m (0 secs / 1.538 secs)
ERROR: 'The selector below has thrown an error upon invocation. Please check for any unsafe property access that may result in null or undefined values.', getMaterias(state) { ... }
[1A[2KERROR: [36m'The selector below has thrown an error upon invocation. Please check for any unsafe property access that may result in null or undefined values.', getLoading(state) { ... }[39m
Chrome Headless 143.0.0.0 (Windows 10): Executed 96 of 137[31m (1 FAILED)[39m (0 secs / 1.538 secs)
ERROR: 'The selector below has thrown an error upon invocation. Please check for any unsafe property access that may result in null or undefined values.', getLoading(state) { ... }
[1A[2KChrome Headless 143.0.0.0 (Windows 10): Executed 97 of 137[31m (1 FAILED)[39m (0 secs / 1.552 secs)
[1A[2KChrome Headless 143.0.0.0 (Windows 10): Executed 98 of 137[31m (1 FAILED)[39m (0 secs / 1.557 secs)
[1A[2KERROR: [36m'The selector below has thrown an error upon invocation. Please check for any unsafe property access that may result in null or undefined values.', showModalConfirmation(state) { ... }[39m
Chrome Headless 143.0.0.0 (Windows 10): Executed 98 of 137[31m (1 FAILED)[39m (0 secs / 1.557 secs)
ERROR: 'The selector below has thrown an error upon invocation. Please check for any unsafe property access that may result in null or undefined values.', showModalConfirmation(state) { ... }
[1A[2KChrome Headless 143.0.0.0 (Windows 10): Executed 99 of 137[31m (1 FAILED)[39m (0 secs / 1.579 secs)
[1A[2KChrome Headless 143.0.0.0 (Windows 10): Executed 100 of 137[31m (1 FAILED)[39m (0 secs / 1.579 secs)
[1A[2KChrome Headless 143.0.0.0 (Windows 10): Executed 101 of 137[31m (1 FAILED)[39m (0 secs / 1.583 secs)
[1A[2KERROR: [36m'The selector below has thrown an error upon invocation. Please check for any unsafe property access that may result in null or undefined values.', getFormLoading(state) { ... }[39m
Chrome Headless 143.0.0.0 (Windows 10): Executed 101 of 137[31m (1 FAILED)[39m (0 secs / 1.583 secs)
ERROR: 'The selector below has thrown an error upon invocation. Please check for any unsafe property access that may result in null or undefined values.', getFormLoading(state) { ... }
[1A[2KChrome Headless 143.0.0.0 (Windows 10): Executed 102 of 137[31m (1 FAILED)[39m (0 secs / 1.59 secs)
[1A[2KChrome Headless 143.0.0.0 (Windows 10): Executed 103 of 137[31m (1 FAILED)[39m (0 secs / 1.605 secs)
[1A[2KChrome Headless 143.0.0.0 (Windows 10): Executed 104 of 137[31m (1 FAILED)[39m (0 secs / 1.612 secs)
[1A[2KERROR: [36m'The selector below has thrown an error upon invocation. Please check for any unsafe property access that may result in null or undefined values.', getFormLoading(state) { ... }[39m
Chrome Headless 143.0.0.0 (Windows 10): Executed 104 of 137[31m (1 FAILED)[39m (0 secs / 1.612 secs)
ERROR: 'The selector below has thrown an error upon invocation. Please check for any unsafe property access that may result in null or undefined values.', getFormLoading(state) { ... }
[1A[2KChrome Headless 143.0.0.0 (Windows 10): Executed 105 of 137[31m (1 FAILED)[39m (0 secs / 1.62 secs)
[1A[2KERROR: [36m'The selector below has thrown an error upon invocation. Please check for any unsafe property access that may result in null or undefined values.', getEspecialidades(state) { ... }[39m
Chrome Headless 143.0.0.0 (Windows 10): Executed 105 of 137[31m (1 FAILED)[39m (0 secs / 1.62 secs)
ERROR: 'The selector below has thrown an error upon invocation. Please check for any unsafe property access that may result in null or undefined values.', getEspecialidades(state) { ... }
[1A[2KChrome Headless 143.0.0.0 (Windows 10): Executed 106 of 137[31m (1 FAILED)[39m (0 secs / 1.628 secs)
[1A[2KERROR: [36m'The selector below has thrown an error upon invocation. Please check for any unsafe property access that may result in null or undefined values.', getCursos(state) { ... }[39m
Chrome Headless 143.0.0.0 (Windows 10): Executed 106 of 137[31m (1 FAILED)[39m (0 secs / 1.628 secs)
ERROR: 'The selector below has thrown an error upon invocation. Please check for any unsafe property access that may result in null or undefined values.', getCursos(state) { ... }
[1A[2KERROR: [36m'The selector below has thrown an error upon invocation. Please check for any unsafe property access that may result in null or undefined values.', getMaterias(state) { ... }[39m
Chrome Headless 143.0.0.0 (Windows 10): Executed 106 of 137[31m (1 FAILED)[39m (0 secs / 1.628 secs)
ERROR: 'The selector below has thrown an error upon invocation. Please check for any unsafe property access that may result in null or undefined values.', getMaterias(state) { ... }
[1A[2KERROR: [36m'The selector below has thrown an error upon invocation. Please check for any unsafe property access that may result in null or undefined values.', getLoading(state) { ... }[39m
Chrome Headless 143.0.0.0 (Windows 10): Executed 106 of 137[31m (1 FAILED)[39m (0 secs / 1.628 secs)
ERROR: 'The selector below has thrown an error upon invocation. Please check for any unsafe property access that may result in null or undefined values.', getLoading(state) { ... }
[1A[2KChrome Headless 143.0.0.0 (Windows 10): Executed 107 of 137[31m (1 FAILED)[39m (0 secs / 1.643 secs)
[1A[2KChrome Headless 143.0.0.0 (Windows 10): Executed 108 of 137[31m (1 FAILED)[39m (0 secs / 1.643 secs)
[1A[2KChrome Headless 143.0.0.0 (Windows 10): Executed 109 of 137[31m (1 FAILED)[39m (0 secs / 1.645 secs)
[1A[2KChrome Headless 143.0.0.0 (Windows 10): Executed 110 of 137[31m (1 FAILED)[39m (0 secs / 1.656 secs)
[1A[2KChrome Headless 143.0.0.0 (Windows 10): Executed 111 of 137[31m (1 FAILED)[39m (0 secs / 1.98 secs)
[1A[2KChrome Headless 143.0.0.0 (Windows 10): Executed 112 of 137[31m (1 FAILED)[39m (0 secs / 2.302 secs)
[1A[2KChrome Headless 143.0.0.0 (Windows 10): Executed 113 of 137[31m (1 FAILED)[39m (0 secs / 2.627 secs)
[1A[2KChrome Headless 143.0.0.0 (Windows 10): Executed 114 of 137[31m (1 FAILED)[39m (0 secs / 2.638 secs)
[1A[2KChrome Headless 143.0.0.0 (Windows 10): Executed 115 of 137[31m (1 FAILED)[39m (0 secs / 2.651 secs)
[1A[2KChrome Headless 143.0.0.0 (Windows 10): Executed 116 of 137[31m (1 FAILED)[39m (0 secs / 2.664 secs)
[1A[2KERROR: [36m'The selector below has thrown an error upon invocation. Please check for any unsafe property access that may result in null or undefined values.', getSelectedPlanInModal(state) { ... }[39m
Chrome Headless 143.0.0.0 (Windows 10): Executed 116 of 137[31m (1 FAILED)[39m (0 secs / 2.664 secs)
ERROR: 'The selector below has thrown an error upon invocation. Please check for any unsafe property access that may result in null or undefined values.', getSelectedPlanInModal(state) { ... }
[1A[2KERROR: [36m'The selector below has thrown an error upon invocation. Please check for any unsafe property access that may result in null or undefined values.', getAlumnoSelected(state) { ... }[39m
Chrome Headless 143.0.0.0 (Windows 10): Executed 116 of 137[31m (1 FAILED)[39m (0 secs / 2.664 secs)
ERROR: 'The selector below has thrown an error upon invocation. Please check for any unsafe property access that may result in null or undefined values.', getAlumnoSelected(state) { ... }
[1A[2KERROR: [36m'The selector below has thrown an error upon invocation. Please check for any unsafe property access that may result in null or undefined values.', getPersonaSelected(state) { ... }[39m
Chrome Headless 143.0.0.0 (Windows 10): Executed 116 of 137[31m (1 FAILED)[39m (0 secs / 2.664 secs)
ERROR: 'The selector below has thrown an error upon invocation. Please check for any unsafe property access that may result in null or undefined values.', getPersonaSelected(state) { ... }
[1A[2KERROR: [36m'The selector below has thrown an error upon invocation. Please check for any unsafe property access that may result in null or undefined values.', getProfesorSelected(state) { ... }[39m
Chrome Headless 143.0.0.0 (Windows 10): Executed 116 of 137[31m (1 FAILED)[39m (0 secs / 2.664 secs)
ERROR: 'The selector below has thrown an error upon invocation. Please check for any unsafe property access that may result in null or undefined values.', getProfesorSelected(state) { ... }
[1A[2KERROR: [36m'The selector below has thrown an error upon invocation. Please check for any unsafe property access that may result in null or undefined values.', getSelectedEspecialidad(state) { ... }[39m
Chrome Headless 143.0.0.0 (Windows 10): Executed 116 of 137[31m (1 FAILED)[39m (0 secs / 2.664 secs)
ERROR: 'The selector below has thrown an error upon invocation. Please check for any unsafe property access that may result in null or undefined values.', getSelectedEspecialidad(state) { ... }
[1A[2KERROR: [36m'The selector below has thrown an error upon invocation. Please check for any unsafe property access that may result in null or undefined values.', getShowModalPlanes(state) { ... }[39m
Chrome Headless 143.0.0.0 (Windows 10): Executed 116 of 137[31m (1 FAILED)[39m (0 secs / 2.664 secs)
ERROR: 'The selector below has thrown an error upon invocation. Please check for any unsafe property access that may result in null or undefined values.', getShowModalPlanes(state) { ... }
[1A[2KERROR: [36m'The selector below has thrown an error upon invocation. Please check for any unsafe property access that may result in null or undefined values.', getPlanes(state) { ... }[39m
Chrome Headless 143.0.0.0 (Windows 10): Executed 116 of 137[31m (1 FAILED)[39m (0 secs / 2.664 secs)
ERROR: 'The selector below has thrown an error upon invocation. Please check for any unsafe property access that may result in null or undefined values.', getPlanes(state) { ... }
[1A[2KERROR: [36m'The selector below has thrown an error upon invocation. Please check for any unsafe property access that may result in null or undefined values.', getEspecialidades(state) { ... }[39m
Chrome Headless 143.0.0.0 (Windows 10): Executed 116 of 137[31m (1 FAILED)[39m (0 secs / 2.664 secs)
ERROR: 'The selector below has thrown an error upon invocation. Please check for any unsafe property access that may result in null or undefined values.', getEspecialidades(state) { ... }
[1A[2KChrome Headless 143.0.0.0 (Windows 10): Executed 117 of 137[31m (1 FAILED)[39m (0 secs / 2.678 secs)
[1A[2KChrome Headless 143.0.0.0 (Windows 10): Executed 118 of 137[31m (1 FAILED)[39m (0 secs / 2.681 secs)
[1A[2KChrome Headless 143.0.0.0 (Windows 10): Executed 119 of 137[31m (1 FAILED)[39m (0 secs / 2.686 secs)
[1A[2KChrome Headless 143.0.0.0 (Windows 10): Executed 120 of 137[31m (1 FAILED)[39m (0 secs / 2.687 secs)
[1A[2KChrome Headless 143.0.0.0 (Windows 10): Executed 121 of 137[31m (1 FAILED)[39m (0 secs / 2.687 secs)
[1A[2KChrome Headless 143.0.0.0 (Windows 10): Executed 122 of 137[31m (1 FAILED)[39m (0 secs / 2.701 secs)
[1A[2KERROR: [36m'The selector below has thrown an error upon invocation. Please check for any unsafe property access that may result in null or undefined values.', showModalConfirmation(state) { ... }[39m
Chrome Headless 143.0.0.0 (Windows 10): Executed 122 of 137[31m (1 FAILED)[39m (0 secs / 2.701 secs)
ERROR: 'The selector below has thrown an error upon invocation. Please check for any unsafe property access that may result in null or undefined values.', showModalConfirmation(state) { ... }
[1A[2KERROR: [36m'The selector below has thrown an error upon invocation. Please check for any unsafe property access that may result in null or undefined values.', getFormLoading(state) { ... }[39m
Chrome Headless 143.0.0.0 (Windows 10): Executed 122 of 137[31m (1 FAILED)[39m (0 secs / 2.701 secs)
ERROR: 'The selector below has thrown an error upon invocation. Please check for any unsafe property access that may result in null or undefined values.', getFormLoading(state) { ... }
[1A[2KChrome Headless 143.0.0.0 (Windows 10): Executed 123 of 137[31m (1 FAILED)[39m (0 secs / 2.726 secs)
[1A[2KChrome Headless 143.0.0.0 (Windows 10): Executed 124 of 137[31m (1 FAILED)[39m (0 secs / 2.726 secs)
[1A[2KChrome Headless 143.0.0.0 (Windows 10): Executed 125 of 137[31m (1 FAILED)[39m (0 secs / 2.743 secs)
[1A[2KChrome Headless 143.0.0.0 (Windows 10): Executed 126 of 137[31m (1 FAILED)[39m (0 secs / 2.75 secs)
[1A[2KChrome Headless 143.0.0.0 (Windows 10): Executed 127 of 137[31m (1 FAILED)[39m (0 secs / 2.751 secs)
[1A[2KChrome Headless 143.0.0.0 (Windows 10): Executed 128 of 137[31m (1 FAILED)[39m (0 secs / 2.755 secs)
[1A[2KChrome Headless 143.0.0.0 (Windows 10): Executed 129 of 137[31m (1 FAILED)[39m (0 secs / 2.757 secs)
[1A[2KERROR: [36m'The selector below has thrown an error upon invocation. Please check for any unsafe property access that may result in null or undefined values.', showModalConfirmation(state) { ... }[39m
Chrome Headless 143.0.0.0 (Windows 10): Executed 129 of 137[31m (1 FAILED)[39m (0 secs / 2.757 secs)
ERROR: 'The selector below has thrown an error upon invocation. Please check for any unsafe property access that may result in null or undefined values.', showModalConfirmation(state) { ... }
[1A[2KERROR: [36m'The selector below has thrown an error upon invocation. Please check for any unsafe property access that may result in null or undefined values.', getFormLoading(state) { ... }[39m
Chrome Headless 143.0.0.0 (Windows 10): Executed 129 of 137[31m (1 FAILED)[39m (0 secs / 2.757 secs)
ERROR: 'The selector below has thrown an error upon invocation. Please check for any unsafe property access that may result in null or undefined values.', getFormLoading(state) { ... }
[1A[2KChrome Headless 143.0.0.0 (Windows 10): Executed 130 of 137[31m (1 FAILED)[39m (0 secs / 2.778 secs)
[1A[2KLOG: [36m'Messages component is deprecated as of v18. Use Message component instead.'[39m
Chrome Headless 143.0.0.0 (Windows 10): Executed 130 of 137[31m (1 FAILED)[39m (0 secs / 2.778 secs)
LOG: 'Messages component is deprecated as of v18. Use Message component instead.'
[1A[2KChrome Headless 143.0.0.0 (Windows 10): Executed 131 of 137[31m (1 FAILED)[39m (0 secs / 2.783 secs)
[1A[2KLOG: [36m'Messages component is deprecated as of v18. Use Message component instead.'[39m
Chrome Headless 143.0.0.0 (Windows 10): Executed 131 of 137[31m (1 FAILED)[39m (0 secs / 2.783 secs)
LOG: 'Messages component is deprecated as of v18. Use Message component instead.'
[1A[2KChrome Headless 143.0.0.0 (Windows 10): Executed 132 of 137[31m (1 FAILED)[39m (0 secs / 2.784 secs)
[1A[2KERROR: [36m'The selector below has thrown an error upon invocation. Please check for any unsafe property access that may result in null or undefined values.', getSelectedPlanInModal(state) { ... }[39m
Chrome Headless 143.0.0.0 (Windows 10): Executed 132 of 137[31m (1 FAILED)[39m (0 secs / 2.784 secs)
ERROR: 'The selector below has thrown an error upon invocation. Please check for any unsafe property access that may result in null or undefined values.', getSelectedPlanInModal(state) { ... }
[1A[2KERROR: [36m'The selector below has thrown an error upon invocation. Please check for any unsafe property access that may result in null or undefined values.', getAlumnoSelected(state) { ... }[39m
Chrome Headless 143.0.0.0 (Windows 10): Executed 132 of 137[31m (1 FAILED)[39m (0 secs / 2.784 secs)
ERROR: 'The selector below has thrown an error upon invocation. Please check for any unsafe property access that may result in null or undefined values.', getAlumnoSelected(state) { ... }
[1A[2KERROR: [36m'The selector below has thrown an error upon invocation. Please check for any unsafe property access that may result in null or undefined values.', getPersonaSelected(state) { ... }[39m
Chrome Headless 143.0.0.0 (Windows 10): Executed 132 of 137[31m (1 FAILED)[39m (0 secs / 2.784 secs)
ERROR: 'The selector below has thrown an error upon invocation. Please check for any unsafe property access that may result in null or undefined values.', getPersonaSelected(state) { ... }
[1A[2KERROR: [36m'The selector below has thrown an error upon invocation. Please check for any unsafe property access that may result in null or undefined values.', getProfesorSelected(state) { ... }[39m
Chrome Headless 143.0.0.0 (Windows 10): Executed 132 of 137[31m (1 FAILED)[39m (0 secs / 2.784 secs)
ERROR: 'The selector below has thrown an error upon invocation. Please check for any unsafe property access that may result in null or undefined values.', getProfesorSelected(state) { ... }
[1A[2KERROR: [36m'The selector below has thrown an error upon invocation. Please check for any unsafe property access that may result in null or undefined values.', getSelectedEspecialidad(state) { ... }[39m
Chrome Headless 143.0.0.0 (Windows 10): Executed 132 of 137[31m (1 FAILED)[39m (0 secs / 2.784 secs)
ERROR: 'The selector below has thrown an error upon invocation. Please check for any unsafe property access that may result in null or undefined values.', getSelectedEspecialidad(state) { ... }
[1A[2KERROR: [36m'The selector below has thrown an error upon invocation. Please check for any unsafe property access that may result in null or undefined values.', getShowModalPlanes(state) { ... }[39m
Chrome Headless 143.0.0.0 (Windows 10): Executed 132 of 137[31m (1 FAILED)[39m (0 secs / 2.784 secs)
ERROR: 'The selector below has thrown an error upon invocation. Please check for any unsafe property access that may result in null or undefined values.', getShowModalPlanes(state) { ... }
[1A[2KERROR: [36m'The selector below has thrown an error upon invocation. Please check for any unsafe property access that may result in null or undefined values.', getEspecialidades(state) { ... }[39m
Chrome Headless 143.0.0.0 (Windows 10): Executed 132 of 137[31m (1 FAILED)[39m (0 secs / 2.784 secs)
ERROR: 'The selector below has thrown an error upon invocation. Please check for any unsafe property access that may result in null or undefined values.', getEspecialidades(state) { ... }
[1A[2KChrome Headless 143.0.0.0 (Windows 10): Executed 133 of 137[31m (1 FAILED)[39m (0 secs / 2.811 secs)
[1A[2KERROR: [36m'The selector below has thrown an error upon invocation. Please check for any unsafe property access that may result in null or undefined values.', getEspecialidades(state) { ... }[39m
Chrome Headless 143.0.0.0 (Windows 10): Executed 133 of 137[31m (1 FAILED)[39m (0 secs / 2.811 secs)
ERROR: 'The selector below has thrown an error upon invocation. Please check for any unsafe property access that may result in null or undefined values.', getEspecialidades(state) { ... }
[1A[2KChrome Headless 143.0.0.0 (Windows 10): Executed 134 of 137[31m (1 FAILED)[39m (0 secs / 2.838 secs)
[1A[2KChrome Headless 143.0.0.0 (Windows 10): Executed 135 of 137[31m (1 FAILED)[39m (0 secs / 2.839 secs)
[1A[2KChrome Headless 143.0.0.0 (Windows 10): Executed 136 of 137[31m (1 FAILED)[39m (0 secs / 2.846 secs)
[1A[2KChrome Headless 143.0.0.0 (Windows 10): Executed 137 of 137[31m (1 FAILED)[39m (0 secs / 2.852 secs)
[1A[2KChrome Headless 143.0.0.0 (Windows 10): Executed 137 of 137[31m (1 FAILED)[39m (3.095 secs / 2.852 secs)
[31mTOTAL: 1 FAILED, 136 SUCCESS[39m
Ô£ö Browser application bundle generation complete.
Ô£ö Browser application bundle generation complete.
